---
source: src/engine/partitioner.rs
assertion_line: 969
expression: visualization
---
-- [CHUNK 1] [102 lines] [4355 chars] --
// A file with a very long template string
const longString = `
line1 some content here to make it longer
line2 some content here to make it longer
line3 some content here to make it longer
line4 some content here to make it longer
line5 some content here to make it longer
line6 some content here to make it longer
line7 some content here to make it longer
line8 some content here to make it longer
line9 some content here to make it longer
line10 some content here to make it longer
line11 some content here to make it longer
line12 some content here to make it longer
line13 some content here to make it longer
line14 some content here to make it longer
line15 some content here to make it longer
line16 some content here to make it longer
line17 some content here to make it longer
line18 some content here to make it longer
line19 some content here to make it longer
line20 some content here to make it longer
line21 some content here to make it longer
line22 some content here to make it longer
line23 some content here to make it longer
line24 some content here to make it longer
line25 some content here to make it longer
line26 some content here to make it longer
line27 some content here to make it longer
line28 some content here to make it longer
line29 some content here to make it longer
line30 some content here to make it longer
line31 some content here to make it longer
line32 some content here to make it longer
line33 some content here to make it longer
line34 some content here to make it longer
line35 some content here to make it longer
line36 some content here to make it longer
line37 some content here to make it longer
line38 some content here to make it longer
line39 some content here to make it longer
line40 some content here to make it longer
line41 some content here to make it longer
line42 some content here to make it longer
line43 some content here to make it longer
line44 some content here to make it longer
line45 some content here to make it longer
line46 some content here to make it longer
line47 some content here to make it longer
line48 some content here to make it longer
line49 some content here to make it longer
line50 some content here to make it longer
line51 some content here to make it longer
line52 some content here to make it longer
line53 some content here to make it longer
line54 some content here to make it longer
line55 some content here to make it longer
line56 some content here to make it longer
line57 some content here to make it longer
line58 some content here to make it longer
line59 some content here to make it longer
line60 some content here to make it longer
line61 some content here to make it longer
line62 some content here to make it longer
line63 some content here to make it longer
line64 some content here to make it longer
line65 some content here to make it longer
line66 some content here to make it longer
line67 some content here to make it longer
line68 some content here to make it longer
line69 some content here to make it longer
line70 some content here to make it longer
line71 some content here to make it longer
line72 some content here to make it longer
line73 some content here to make it longer
line74 some content here to make it longer
line75 some content here to make it longer
line76 some content here to make it longer
line77 some content here to make it longer
line78 some content here to make it longer
line79 some content here to make it longer
line80 some content here to make it longer
line81 some content here to make it longer
line82 some content here to make it longer
line83 some content here to make it longer
line84 some content here to make it longer
line85 some content here to make it longer
line86 some content here to make it longer
line87 some content here to make it longer
line88 some content here to make it longer
line89 some content here to make it longer
line90 some content here to make it longer
line91 some content here to make it longer
line92 some content here to make it longer
line93 some content here to make it longer
line94 some content here to make it longer
line95 some content here to make it longer
line96 some content here to make it longer
line97 some content here to make it longer
line98 some content here to make it longer
line99 some content here to make it longer
line100 some content here to make it longer
-- [CHUNK 2] [102 lines] [4427 chars] --
line101 some content here to make it longer
line102 some content here to make it longer
line103 some content here to make it longer
line104 some content here to make it longer
line105 some content here to make it longer
line106 some content here to make it longer
line107 some content here to make it longer
line108 some content here to make it longer
line109 some content here to make it longer
line110 some content here to make it longer
line111 some content here to make it longer
line112 some content here to make it longer
line113 some content here to make it longer
line114 some content here to make it longer
line115 some content here to make it longer
line116 some content here to make it longer
line117 some content here to make it longer
line118 some content here to make it longer
line119 some content here to make it longer
line120 some content here to make it longer
line121 some content here to make it longer
line122 some content here to make it longer
line123 some content here to make it longer
line124 some content here to make it longer
line125 some content here to make it longer
line126 some content here to make it longer
line127 some content here to make it longer
line128 some content here to make it longer
line129 some content here to make it longer
line130 some content here to make it longer
line131 some content here to make it longer
line132 some content here to make it longer
line133 some content here to make it longer
line134 some content here to make it longer
line135 some content here to make it longer
line136 some content here to make it longer
line137 some content here to make it longer
line138 some content here to make it longer
line139 some content here to make it longer
line140 some content here to make it longer
line141 some content here to make it longer
line142 some content here to make it longer
line143 some content here to make it longer
line144 some content here to make it longer
line145 some content here to make it longer
line146 some content here to make it longer
line147 some content here to make it longer
line148 some content here to make it longer
line149 some content here to make it longer
line150 some content here to make it longer
line151 some content here to make it longer
line152 some content here to make it longer
line153 some content here to make it longer
line154 some content here to make it longer
line155 some content here to make it longer
line156 some content here to make it longer
line157 some content here to make it longer
line158 some content here to make it longer
line159 some content here to make it longer
line160 some content here to make it longer
line161 some content here to make it longer
line162 some content here to make it longer
line163 some content here to make it longer
line164 some content here to make it longer
line165 some content here to make it longer
line166 some content here to make it longer
line167 some content here to make it longer
line168 some content here to make it longer
line169 some content here to make it longer
line170 some content here to make it longer
line171 some content here to make it longer
line172 some content here to make it longer
line173 some content here to make it longer
line174 some content here to make it longer
line175 some content here to make it longer
line176 some content here to make it longer
line177 some content here to make it longer
line178 some content here to make it longer
line179 some content here to make it longer
line180 some content here to make it longer
line181 some content here to make it longer
line182 some content here to make it longer
line183 some content here to make it longer
line184 some content here to make it longer
line185 some content here to make it longer
line186 some content here to make it longer
line187 some content here to make it longer
line188 some content here to make it longer
line189 some content here to make it longer
line190 some content here to make it longer
line191 some content here to make it longer
line192 some content here to make it longer
line193 some content here to make it longer
line194 some content here to make it longer
line195 some content here to make it longer
line196 some content here to make it longer
line197 some content here to make it longer
line198 some content here to make it longer
line199 some content here to make it longer
line200 some content here to make it longer
`;
console.log(longString);
