---
source: src/engine/partitioner/tests.rs
expression: summary
---
=== QUALITY SCORE ===
Score: 100.0%
Total chunks: 2
Small chunks (<500 chars): 0
Chars: 2060-4401 (mean 3230)

=== CHUNK 1 ===
Breadcrumb: test:NestedFunctions.ts
Type: code
Kind: content
Symbol: None
Lines: 1-180
Size: 4424 chars
Text preview (5 lines):
// Test case: Nested functions inside a generator
// This pattern is common in parser code where helper functions are nested inside
// the main parsing function to share closure state.

export interface IResult {

=== CHUNK 2 ===
Breadcrumb: test:NestedFunctions.ts
Type: code
Kind: content
Symbol: None
Lines: 181-265
Size: 2083 chars
Text preview (5 lines):

/**
 * A non-generator function with nested functions.
 * Tests that nested functions are also split points in regular functions.
 */
