---
source: src/engine/partitioner/tests.rs
expression: summary
---
=== QUALITY SCORE ===
Score: 100.0%
Total chunks: 1
Small chunks (<500 chars): 1
Chars: 68-68 (mean 68)

=== CHUNK 1 ===
Breadcrumb: %40test/package:tiny.ts
Type: code
Kind: content
Symbol: None
Lines: 1-4
Size: 91 chars
Text preview (5 lines):
// Small test file
export function tiny(): number {
    return 42;
}
