---
source: src/engine/markdown_partitioner.rs
expression: format_chunks(&chunks)
---
=== CHUNK 1 ===
Breadcrumb: monodex:API.md:api-documentation
Type: section
Lines: 1-4
Size: 84 chars
Preview:
# API Documentation

This document describes the core APIs for the monodex project.

=== CHUNK 2 ===
Breadcrumb: monodex:API.md:installation
Type: section
Lines: 5-14
Size: 149 chars
Preview:
## Installation

To install monodex, run the following command:

```bash
cargo install monodex

=== CHUNK 3 ===
Breadcrumb: monodex:API.md:configuration
Type: section
Lines: 15-29
Size: 241 chars
Preview:
## Configuration

Create a configuration file at `~/.config/monodex/config.json`:

```json
{

=== CHUNK 4 ===
Breadcrumb: monodex:API.md:usage
Type: section
Lines: 30-31
Size: 9 chars
Preview:
## Usage

=== CHUNK 5 ===
Breadcrumb: monodex:API.md:indexing
Type: section
Lines: 32-45
Size: 235 chars
Preview:
### Indexing

To index a catalog:

```bash
monodex init-db

=== CHUNK 6 ===
Breadcrumb: monodex:API.md:querying
Type: section
Lines: 46-53
Size: 74 chars
Preview:
### Querying

To search the index:

```bash
monodex search "JsonFile"

=== CHUNK 7 ===
Breadcrumb: monodex:API.md:troubleshooting
Type: section
Lines: 54-62
Size: 237 chars
Preview:
## Troubleshooting

**Q: I get "No config found" error**

A: Make sure you have created the config file at `~/.config/monodex/config.json`.
