---
source: src/engine/markdown_partitioner.rs
expression: format_chunks(&chunks)
---
=== CHUNK 1 ===
Breadcrumb: %40test/docs:test.md:main-title
Type: section
Lines: 1-4
Size: 39 chars
Preview:
# Main Title

This is intro paragraph.

=== CHUNK 2 ===
Breadcrumb: %40test/docs:test.md:section-1
Type: section
Lines: 5-8
Size: 30 chars
Preview:
## Section 1

Some text here.

=== CHUNK 3 ===
Breadcrumb: %40test/docs:test.md:subsection
Type: section
Lines: 9-12
Size: 30 chars
Preview:
### Subsection

More content.

=== CHUNK 4 ===
Breadcrumb: %40test/docs:test.md:section-2
Type: section
Lines: 13-15
Size: 30 chars
Preview:
## Section 2

Final paragraph.
