---
source: src/engine/markdown_partitioner.rs
expression: format_chunks(&chunks)
---
=== CHUNK 1 ===
Breadcrumb: monodex:API.md:API Documentation
Type: section
Lines: 1-4
Size: 84 chars
Preview:
# API Documentation

This document describes the core APIs for the monodex project.

=== CHUNK 2 ===
Breadcrumb: monodex:API.md:Installation
Type: section
Lines: 5-14
Size: 149 chars
Preview:
## Installation

To install monodex, run the following command:

```bash
cargo install monodex

=== CHUNK 3 ===
Breadcrumb: monodex:API.md:Configuration
Type: section
Lines: 15-33
Size: 329 chars
Preview:
## Configuration

Create a configuration file at `~/.config/monodex/config.json`:

```json
{

=== CHUNK 4 ===
Breadcrumb: monodex:API.md:Environment Variables
Type: section
Lines: 34-40
Size: 143 chars
Preview:
### Environment Variables

You can also use environment variables:

- `QDRANT_URL` - Qdrant server URL
- `QDRANT_COLLECTION` - Collection name

=== CHUNK 5 ===
Breadcrumb: monodex:API.md:Usage
Type: section
Lines: 41-42
Size: 9 chars
Preview:
## Usage

=== CHUNK 6 ===
Breadcrumb: monodex:API.md:Indexing
Type: section
Lines: 43-55
Size: 173 chars
Preview:
### Indexing

To index a catalog:

```bash
monodex crawl --catalog node-core-library

=== CHUNK 7 ===
Breadcrumb: monodex:API.md:Querying
Type: section
Lines: 56-68
Size: 171 chars
Preview:
### Querying

To search the index:

```bash
monodex query --text "how to read a JSON file"

=== CHUNK 8 ===
Breadcrumb: monodex:API.md:Advanced Topics
Type: section
Lines: 69-70
Size: 19 chars
Preview:
## Advanced Topics

=== CHUNK 9 ===
Breadcrumb: monodex:API.md:Custom Chunking
Type: section
Lines: 71-78
Size: 208 chars
Preview:
### Custom Chunking

The partition algorithm splits code at AST boundaries:

1. **Functions** - Split at statement blocks
2. **Classes** - Split at method boundaries

=== CHUNK 10 ===
Breadcrumb: monodex:API.md:Embedding Model
Type: section
Lines: 79-85
Size: 146 chars
Preview:
### Embedding Model

We use `BAAI/bge-small-en-v1.5` which provides:
- 384-dimensional vectors
- 512 token maximum
- Good semantic search quality

=== CHUNK 11 ===
Breadcrumb: monodex:API.md:Troubleshooting
Type: section
Lines: 86-87
Size: 19 chars
Preview:
## Troubleshooting

=== CHUNK 12 ===
Breadcrumb: monodex:API.md:Common Issues
Type: section
Lines: 88-100
Size: 270 chars
Preview:
### Common Issues

**Q: Embeddings are slow**

A: The first run downloads the model (~50MB). Subsequent runs are faster.
