---
source: src/engine/partitioner.rs
expression: summary
---
=== QUALITY SCORE ===
Score: 90.4%
Total chunks: 4
Small chunks (<500 chars): 0
Chars: 2712-4805 (mean 4032)

=== CHUNK 1 ===
Breadcrumb: rush-lib:GitStatusParser.ts
Type: code
Kind: content
Symbol: None
Lines: 1-103
Size: 2739 chars
Text preview (5 lines):
// Copyright (c) Microsoft Corporation. All rights reserved. Licensed under the MIT license.
// See LICENSE in the project root for license information.

export interface IGitStatusEntryBase {
  kind: 'untracked' | 'changed' | 'unmerged' | 'renamed' | 'copied';

=== CHUNK 2 ===
Breadcrumb: rush-lib:GitStatusParser.ts
Type: code
Kind: content
Symbol: None
Lines: 104-196
Size: 4442 chars
Text preview (5 lines):

export function* parseGitStatus(gitStatusOutput: string): Iterable<IGitStatusEntry> {
  // See reference https://git-scm.com/docs/git-status?msclkid=1cff552bcdce11ecadf77a086eded66c#_porcelain_format_version_2

  let pos: number = 0;

=== CHUNK 3 ===
Breadcrumb: rush-lib:GitStatusParser.ts:parseGitStatus
Type: code
Kind: content
Symbol: Some("parseGitStatus")
Lines: 197-273
Size: 4237 chars
Text preview (5 lines):

  /**
   * @example
   * ```
   * 2 R. N... 100644 100644 100644 451de43c5cb012af55a79cc3463849ab3cfa0457 451de43c5cb012af55a79cc3463849ab3cfa0457 R100 path/e.ts\0e2.ts\0

=== CHUNK 4 ===
Breadcrumb: rush-lib:GitStatusParser.ts:parseGitStatus
Type: code
Kind: content
Symbol: Some("parseGitStatus")
Lines: 274-372
Size: 4847 chars
Text preview (5 lines):

  /**
   * @example
   * ```
   * u .M N... 100644 100644 100644 100644 07b1571a387db3072be485e6cc5591fef35bf666 63f37aa0393e142e2c8329593eb0f78e4cc77032 ebac91ffe8227e6e9b99d9816ce0a6d166b4a524 path/unmerged.ts\0
