---
source: src/engine/partitioner.rs
assertion_line: 470
expression: format_chunks(&chunks)
---
=== CHUNK 1 ===
Breadcrumb: @test/package:test.ts
Type: code
Kind: content
Symbol: None
Lines: 1-4
Size: 93 chars
Text preview (5 lines):

export function add(a: number, b: number): number {
    return a + b;
}
