---
source: src/engine/partitioner.rs
assertion_line: 530
expression: format_chunks(&chunks)
---
=== CHUNK 1 ===
Breadcrumb: @rushstack/node-core-library:JsonFile.ts
Type: code
Kind: imports
Symbol: None
Lines: 1-10
Size: 444 chars
Text preview (5 lines):
// Copyright (c) Microsoft Corporation. All rights reserved. Licensed under the MIT license.
// See LICENSE in the project root for license information.

import * as os from 'node:os';


=== CHUNK 2 ===
Breadcrumb: @rushstack/node-core-library:JsonFile.ts
Type: code
Kind: content
Symbol: None
Lines: 11-101
Size: 3681 chars
Text preview (5 lines):

/**
 * Represents a JSON-serializable object whose type has not been determined yet.
 *
 * @remarks

=== CHUNK 3 ===
Breadcrumb: @rushstack/node-core-library:JsonFile.ts
Type: code
Kind: content
Symbol: None
Lines: 102-171
Size: 2639 chars
Text preview (5 lines):

/**
 * Options for {@link JsonFile.parseString}, {@link JsonFile.load}, and {@link JsonFile.loadAsync}.
 *
 * @public

=== CHUNK 4 ===
Breadcrumb: @rushstack/node-core-library:JsonFile.ts
Type: code
Kind: content
Symbol: None
Lines: 172-218
Size: 1448 chars
Text preview (5 lines):

/**
 * Options for {@link JsonFile.save} and {@link JsonFile.saveAsync}.
 *
 * @public

=== CHUNK 5 ===
Breadcrumb: @rushstack/node-core-library:JsonFile.ts:JsonFile
Type: class
Kind: content
Symbol: Some("JsonFile")
Lines: 219-270
Size: 1677 chars
Text preview (5 lines):
      return jju.parse(contents, parseOptions);
    } catch (error) {
      if (FileSystem.isNotExistError(error as Error)) {
        throw error;
      } else {

=== CHUNK 6 ===
Breadcrumb: @rushstack/node-core-library:JsonFile.ts:JsonFile
Type: class
Kind: content
Symbol: Some("JsonFile")
Lines: 271-316
Size: 1545 chars
Text preview (5 lines):
    jsonSchema.validateObject(jsonObject, jsonFilename, options);

    return jsonObject;
  }


=== CHUNK 7 ===
Breadcrumb: @rushstack/node-core-library:JsonFile.ts:JsonFile
Type: class
Kind: content
Symbol: Some("JsonFile")
Lines: 317-362
Size: 1638 chars
Text preview (5 lines):
    jsonSchema.validateObjectWithCallback(jsonObject, errorCallback);

    return jsonObject;
  }


=== CHUNK 8 ===
Breadcrumb: @rushstack/node-core-library:JsonFile.ts:JsonFile
Type: class
Kind: content
Symbol: Some("JsonFile")
Lines: 363-410
Size: 1707 chars
Text preview (5 lines):

    if (previousJson !== '') {
      // NOTE: We don't use mode=json here because comments aren't allowed by strict JSON
      stringified = jju.update(previousJson, newJsonObject, {
        mode: explicitMode ?? JsonSyntax.Json5,

=== CHUNK 9 ===
Breadcrumb: @rushstack/node-core-library:JsonFile.ts:JsonFile
Type: class
Kind: content
Symbol: Some("JsonFile")
Lines: 411-464
Size: 1722 chars
Text preview (5 lines):
    if (options.updateExistingFile || options.onlyIfChanged) {
      try {
        oldBuffer = FileSystem.readFileToBuffer(jsonFilename);
      } catch (error) {
        if (!FileSystem.isNotExistError(error as Error)) {

=== CHUNK 10 ===
Breadcrumb: @rushstack/node-core-library:JsonFile.ts:JsonFile
Type: class
Kind: content
Symbol: Some("JsonFile")
Lines: 465-607
Size: 4666 chars
Text preview (5 lines):
    if (options.updateExistingFile || options.onlyIfChanged) {
      try {
        oldBuffer = await FileSystem.readFileToBufferAsync(jsonFilename);
      } catch (error) {
        if (!FileSystem.isNotExistError(error as Error)) {
