---
source: src/engine/partitioner.rs
assertion_line: 1062
expression: summary
---
=== QUALITY SCORE ===
Score: 100.0%
Total chunks: 6
Tiny chunks (<20 lines): 0
Lines: 99-102 (mean 101.2)

=== CHUNK 1 ===
Breadcrumb: @rushstack/node-core-library:JsonFile.ts:[fallback-split]
Type: code
Kind: content
Symbol: None
Lines: 1-101
Size: 4103 chars
Text preview (5 lines):
// Copyright (c) Microsoft Corporation. All rights reserved. Licensed under the MIT license.
// See LICENSE in the project root for license information.

import * as os from 'node:os';


=== CHUNK 2 ===
Breadcrumb: @rushstack/node-core-library:JsonFile.ts:[fallback-split]
Type: code
Kind: content
Symbol: None
Lines: 102-200
Size: 3572 chars
Text preview (5 lines):

/**
 * Options for {@link JsonFile.parseString}, {@link JsonFile.load}, and {@link JsonFile.loadAsync}.
 *
 * @public

=== CHUNK 3 ===
Breadcrumb: @rushstack/node-core-library:JsonFile.ts:[fallback-split]
Type: code
Kind: content
Symbol: None
Lines: 201-302
Size: 3234 chars
Text preview (5 lines):

/**
 * Utilities for reading/writing JSON files.
 * @public
 */

=== CHUNK 4 ===
Breadcrumb: @rushstack/node-core-library:JsonFile.ts:JsonFile:[fallback-split]
Type: class
Kind: content
Symbol: Some("JsonFile")
Lines: 303-404
Size: 3542 chars
Text preview (5 lines):

    return jsonObject;
  }

  /**

=== CHUNK 5 ===
Breadcrumb: @rushstack/node-core-library:JsonFile.ts:JsonFile:[fallback-split]
Type: class
Kind: content
Symbol: Some("JsonFile")
Lines: 405-506
Size: 3339 chars
Text preview (5 lines):
    jsonObject: JsonObject,
    jsonFilename: string,
    options: IJsonFileSaveOptions = {}
  ): boolean {
    // Do we need to read the previous file contents?

=== CHUNK 6 ===
Breadcrumb: @rushstack/node-core-library:JsonFile.ts:JsonFile:[fallback-split]
Type: class
Kind: content
Symbol: Some("JsonFile")
Lines: 507-607
Size: 3296 chars
Text preview (5 lines):
  }

  /**
   * Used to validate a data structure before writing.  Reports an error if there
   * are any undefined members.
