---
source: src/engine/partitioner.rs
expression: summary
---
=== QUALITY SCORE ===
Score: 68.6%
Total chunks: 4
Small chunks (<500 chars): 0
Chars: 1880-3344 (mean 2459)

=== CHUNK 1 ===
Breadcrumb: @rushstack/rush-vscode-command-webview:ParameterForm.tsx
Type: code
Kind: content
Symbol: None
Lines: 1-41
Size: 1999 chars
Text preview (5 lines):
// Copyright (c) Microsoft Corporation. All rights reserved. Licensed under the MIT license.
// See LICENSE in the project root for license information.

import * as React from 'react';
import { type CSSProperties, type ReactNode, useCallback, useEffect, useMemo } from 'react';

=== CHUNK 2 ===
Breadcrumb: @rushstack/rush-vscode-command-webview:ParameterForm.tsx
Type: code
Kind: content
Symbol: None
Lines: 42-90
Size: 1936 chars
Text preview (5 lines):

export const ParameterForm = (): React.ReactElement => {
  const commandName: string = useAppSelector((state) => state.parameter.commandName);
  const parameters: ICommandLineParameter[] = useParameters();
  const filteredParameters: ICommandLineParameter[] = useFilteredParameters();

=== CHUNK 3 ===
Breadcrumb: @rushstack/rush-vscode-command-webview:ParameterForm.tsx:[fallback-split]
Type: variable
Kind: content
Symbol: None
Lines: 91-173
Size: 2743 chars
Text preview (5 lines):
  useEffect(() => {
    dispatch(
      setFormValidateAsync(() => {
        return form.trigger();
      })

=== CHUNK 4 ===
Breadcrumb: @rushstack/rush-vscode-command-webview:ParameterForm.tsx:[fallback-split]
Type: variable
Kind: content
Symbol: None
Lines: 174-256
Size: 3417 chars
Text preview (5 lines):
          switch (parameter.kind) {
            case CommandLineParameterKind.Choice: {
              const { alternatives, defaultValue }: CommandLineChoiceParameter =
                parameter as CommandLineChoiceParameter;
              const options: { key: string; text: string }[] = [];
