---
source: src/engine/partitioner.rs
assertion_line: 826
expression: summary
---
=== QUALITY SCORE ===
Score: 100.0%
Total chunks: 1
Tiny chunks (<20 lines): 0
Lines: 26-26 (mean 26.0)

=== CHUNK 1 ===
Breadcrumb: @math/package:Calculator.ts
Type: code
Kind: content
Symbol: None
Lines: 1-26
Size: 451 chars
Text preview (5 lines):

/**
 * A simple calculator class.
 */
export class Calculator {
