---
source: src/engine/partitioner.rs
assertion_line: 881
expression: summary
---
=== QUALITY SCORE ===
Score: 100.0%
Total chunks: 6
Tiny chunks (<20 lines): 0
Lines: 29-154 (mean 101.2)

=== CHUNK 1 ===
Breadcrumb: @rushstack/node-core-library:JsonFile.ts
Type: code
Kind: content
Symbol: None
Lines: 1-101
Size: 4086 chars
Text preview (5 lines):
// Copyright (c) Microsoft Corporation. All rights reserved. Licensed under the MIT license.
// See LICENSE in the project root for license information.

import * as os from 'node:os';


=== CHUNK 2 ===
Breadcrumb: @rushstack/node-core-library:JsonFile.ts
Type: code
Kind: content
Symbol: None
Lines: 102-171
Size: 2639 chars
Text preview (5 lines):

/**
 * Options for {@link JsonFile.parseString}, {@link JsonFile.load}, and {@link JsonFile.loadAsync}.
 *
 * @public

=== CHUNK 3 ===
Breadcrumb: @rushstack/node-core-library:JsonFile.ts
Type: code
Kind: content
Symbol: None
Lines: 172-200
Size: 955 chars
Text preview (5 lines):

/**
 * Options for {@link JsonFile.save} and {@link JsonFile.saveAsync}.
 *
 * @public

=== CHUNK 4 ===
Breadcrumb: @rushstack/node-core-library:JsonFile.ts
Type: code
Kind: content
Symbol: None
Lines: 201-330
Size: 4181 chars
Text preview (5 lines):

/**
 * Utilities for reading/writing JSON files.
 * @public
 */

=== CHUNK 5 ===
Breadcrumb: @rushstack/node-core-library:JsonFile.ts:JsonFile
Type: class
Kind: content
Symbol: Some("JsonFile")
Lines: 331-453
Size: 4132 chars
Text preview (5 lines):

  /**
   * Serializes the specified JSON object to a string buffer.
   * @param previousJson - the previous JSON string, which will be updated
   * @param newJsonObject - the object to be serialized

=== CHUNK 6 ===
Breadcrumb: @rushstack/node-core-library:JsonFile.ts:JsonFile
Type: class
Kind: content
Symbol: Some("JsonFile")
Lines: 454-607
Size: 4982 chars
Text preview (5 lines):

  /**
   * An async version of {@link JsonFile.save}.
   */
  public static async saveAsync(
